Last login: Wed Mar 29 00:25:29 on ttys003
toann@HCM-FVFHP5M9Q05N ~ % vim /Users/toann/Personal/Kyber/Kyber512/kyber51
toann@HCM-FVFHP5M9Q05N ~ % cd /Users/toann/Personal/Kyber/Kyber512/kyber51
cd: no such file or directory: /Users/toann/Personal/Kyber/Kyber512/kyber51
toann@HCM-FVFHP5M9Q05N ~ % /Users/toann/Personal/Kyber/Kyber512/kyber512
zsh: permission denied: /Users/toann/Personal/Kyber/Kyber512/kyber512
toann@HCM-FVFHP5M9Q05N ~ % cd Personal/Kyber/Kyber512/kyber512
toann@HCM-FVFHP5M9Q05N kyber512 % ls
Makefile		fpga_sha.c		ntt.c			randombytes.h		symmetric.h		test_speed.c
PQCgenKAT_kem.c		fpga_sha.h		ntt.h			reduce.c		test_kex.c		test_vectors.c
api.h			hps_0.h			out_test_vector.log	reduce.h		test_kex512		test_vectors512
cbd.c			indcpa.c		params.h		rng.c			test_kyber.c		verify.c
cbd.h			indcpa.h		poly.c			rng.h			test_kyber512		verify.h
cpucycles.c		kem.c			poly.h			slave_template_macros.h	test_sha3
cpucycles.h		kem.h			polyvec.c		speed_print.c		test_sha3.c
fips202.c		kex.c			polyvec.h		speed_print.h		test_shake
fips202.h		kex.h			randombytes.c		symmetric-shake.c	test_shake.c
toann@HCM-FVFHP5M9Q05N kyber512 % clear



































toann@HCM-FVFHP5M9Q05N kyber512 % ./test_shake
34 bytes input of absorb is: e72855619baa8cb271413a7128db9b3a97740a2470932303dc86446e418b3fb1d5f8
Absorboutput is: b28caa9b615528e7_3a9bdb28713a4171_03239370240a7497_b13f8b416e4486dc_00000000001ff8d5_0000000000000000_0000000000000000_0000000000000000_0000000000000000_0000000000000000_0000000000000000_0000000000000000_0000000000000000_0000000000000000_0000000000000000_0000000000000000_0000000000000000_0000000000000000_0000000000000000_0000000000000000_8000000000000000_0000000000000000_0000000000000000_0000000000000000_0000000000000000
Squeeze using input is absorb output
Squeeze 1 blocks output is:
Squeeze state output is: 5d4dca7f900b491d_482aefbf17c94dfc_4af6c869b98abcec_20ffa689575cc04b_67525d6b9aba40fa_68da9129f6b535b4_6f39505e8505ddf8_3bb4d37aa911572e_beeb1d0675f19005_c98d4b16bf95c9c3_2ea1b1aca3560257_f09483fbf1df287f_58a93c87efdadc17_abacf8210910de42_d061b4700610476a_a652abb7d513d4d6_bbec3b19857a3655_dfa833ab03aa73b0_9b64ee1461e2388b_b9dec4dc8b1cc9ea_4bc4461a0763a99e_5a6afde5573592b0_07b1e3a272449a74_ddf5061388edbcdd_792ac9aa827bd755
Squeeze out is: 1d490b907fca4d5dfc4dc917bfef2a48ecbc8ab969c8f64a4bc05c5789a6ff20fa40ba9a6b5d5267b435b5f62991da68f8dd05855e50396f2e5711a97ad3b43b0590f175061debbec3c995bf164b8dc9570256a3acb1a12e7f28dff1fb8394f017dcdaef873ca95842de100921f8acab6a47100670b461d0d6d413d5b7ab52a655367a85193becbbb073aa03ab33a8df8b38e26114ee649beac91c8bdcc4deb99ea963071a46c44b0000000000000000000000000000000000000000000000000000000000000000000000000000000000000000000000000000000000000000000000000000000000000000000000000000000000000000000000000000000000000000000000000000000000000000000000000000000000000000000000000000000000000000000000000000000000000000000000000000000000000000000000000000000000000000000000000000000000000000000000000000000000000000000000000000000000000000000000000000000000000000000000000000000000000000000000000000000000000000000000000000000000000000000000000000000000000000000000000000000000000000000000000000000000000000000000000000000000000000000000000000000000000000000000000000000000000000000000000000000000000000000000000000%                                                                                           toann@HCM-FVFHP5M9Q05N kyber512 % ./test_shake
34 bytes input of absorb is: e72855619baa8cb271413a7128db9b3a97740a2470932303dc86446e418b3fb1d5f8
Absorboutput is: b28caa9b615528e7_3a9bdb28713a4171_03239370240a7497_b13f8b416e4486dc_00000000001ff8d5_0000000000000000_0000000000000000_0000000000000000_0000000000000000_0000000000000000_0000000000000000_0000000000000000_0000000000000000_0000000000000000_0000000000000000_0000000000000000_0000000000000000_0000000000000000_0000000000000000_0000000000000000_8000000000000000_0000000000000000_0000000000000000_0000000000000000_0000000000000000
Squeeze using input is absorb output
Squeeze 3 blocks output is:
Squeeze state output is: 5d4dca7f900b491d_482aefbf17c94dfc_4af6c869b98abcec_20ffa689575cc04b_67525d6b9aba40fa_68da9129f6b535b4_6f39505e8505ddf8_3bb4d37aa911572e_beeb1d0675f19005_c98d4b16bf95c9c3_2ea1b1aca3560257_f09483fbf1df287f_58a93c87efdadc17_abacf8210910de42_d061b4700610476a_a652abb7d513d4d6_bbec3b19857a3655_dfa833ab03aa73b0_9b64ee1461e2388b_b9dec4dc8b1cc9ea_4bc4461a0763a99e_5a6afde5573592b0_07b1e3a272449a74_ddf5061388edbcdd_792ac9aa827bd755
Squeeze out is: 1d490b907fca4d5dfc4dc917bfef2a48ecbc8ab969c8f64a4bc05c5789a6ff20fa40ba9a6b5d5267b435b5f62991da68f8dd05855e50396f2e5711a97ad3b43b0590f175061debbec3c995bf164b8dc9570256a3acb1a12e7f28dff1fb8394f017dcdaef873ca95842de100921f8acab6a47100670b461d0d6d413d5b7ab52a655367a85193becbbb073aa03ab33a8df8b38e26114ee649beac91c8bdcc4deb99ea963071a46c44b0000000000000000000000000000000000000000000000000000000000000000000000000000000000000000000000000000000000000000000000000000000000000000000000000000000000000000000000000000000000000000000000000000000000000000000000000000000000000000000000000000000000000000000000000000000000000000000000000000000000000000000000000000000000000000000000000000000000000000000000000000000000000000000000000000000000000000000000000000000000000000000000000000000000000000000000000000000000000000000000000000000000000000000000000000000000000000000000000000000000000000000000000000000000000000000000000000000000000000000000000000000000000000000000000000000000000000000000000000000000000000000000000000%                                                                                           toann@HCM-FVFHP5M9Q05N kyber512 % 


















